../Core/Src/main.c:75:5:main	8	static
../Core/Src/main.c:141:6:SystemClock_Config	88	static
../Core/Src/main.c:180:6:send_reset	56	static
../Core/Src/main.c:206:6:send_enable	56	static
../Core/Src/main.c:231:6:send_get_digital_inputs	160	static
../Core/Src/main.c:267:6:send_get_digitaoutputs	56	static
../Core/Src/main.c:306:6:send_get_encoder_counter	264	static
../Core/Src/main.c:351:6:send_get_param	168	static
../Core/Src/main.c:390:6:send_set_acceleration	64	static
../Core/Src/main.c:434:6:send_set_can_options	192	static
../Core/Src/main.c:477:6:send_speed_move	64	static
../Core/Src/main.c:525:6:Error_Handler	4	static,ignoring_inline_asm
